Archive member included to satisfy reference by file (symbol)

d:/stm32cubeide_1.7.0/stm32cubeide/plugins/com.st.stm32cube.ide.mcu.externaltools.gnu-tools-for-stm32.9-2020-q2-update.win32_2.0.0.202105311346/tools/bin/../lib/gcc/arm-none-eabi/9.3.1/../../../../arm-none-eabi/lib/thumb/v6-m/nofp\libc_nano.a(lib_a-errno.o)
                              ./Application/User/Core/syscalls.o (__errno)
d:/stm32cubeide_1.7.0/stm32cubeide/plugins/com.st.stm32cube.ide.mcu.externaltools.gnu-tools-for-stm32.9-2020-q2-update.win32_2.0.0.202105311346/tools/bin/../lib/gcc/arm-none-eabi/9.3.1/../../../../arm-none-eabi/lib/thumb/v6-m/nofp\libc_nano.a(lib_a-exit.o)
                              d:/stm32cubeide_1.7.0/stm32cubeide/plugins/com.st.stm32cube.ide.mcu.externaltools.gnu-tools-for-stm32.9-2020-q2-update.win32_2.0.0.202105311346/tools/bin/../lib/gcc/arm-none-eabi/9.3.1/../../../../arm-none-eabi/lib/thumb/v6-m/nofp/crt0.o (exit)
d:/stm32cubeide_1.7.0/stm32cubeide/plugins/com.st.stm32cube.ide.mcu.externaltools.gnu-tools-for-stm32.9-2020-q2-update.win32_2.0.0.202105311346/tools/bin/../lib/gcc/arm-none-eabi/9.3.1/../../../../arm-none-eabi/lib/thumb/v6-m/nofp\libc_nano.a(lib_a-impure.o)
                              d:/stm32cubeide_1.7.0/stm32cubeide/plugins/com.st.stm32cube.ide.mcu.externaltools.gnu-tools-for-stm32.9-2020-q2-update.win32_2.0.0.202105311346/tools/bin/../lib/gcc/arm-none-eabi/9.3.1/../../../../arm-none-eabi/lib/thumb/v6-m/nofp\libc_nano.a(lib_a-exit.o) (_global_impure_ptr)
d:/stm32cubeide_1.7.0/stm32cubeide/plugins/com.st.stm32cube.ide.mcu.externaltools.gnu-tools-for-stm32.9-2020-q2-update.win32_2.0.0.202105311346/tools/bin/../lib/gcc/arm-none-eabi/9.3.1/../../../../arm-none-eabi/lib/thumb/v6-m/nofp\libc_nano.a(lib_a-init.o)
                              d:/stm32cubeide_1.7.0/stm32cubeide/plugins/com.st.stm32cube.ide.mcu.externaltools.gnu-tools-for-stm32.9-2020-q2-update.win32_2.0.0.202105311346/tools/bin/../lib/gcc/arm-none-eabi/9.3.1/../../../../arm-none-eabi/lib/thumb/v6-m/nofp/crt0.o (__libc_init_array)
d:/stm32cubeide_1.7.0/stm32cubeide/plugins/com.st.stm32cube.ide.mcu.externaltools.gnu-tools-for-stm32.9-2020-q2-update.win32_2.0.0.202105311346/tools/bin/../lib/gcc/arm-none-eabi/9.3.1/../../../../arm-none-eabi/lib/thumb/v6-m/nofp\libc_nano.a(lib_a-memset.o)
                              d:/stm32cubeide_1.7.0/stm32cubeide/plugins/com.st.stm32cube.ide.mcu.externaltools.gnu-tools-for-stm32.9-2020-q2-update.win32_2.0.0.202105311346/tools/bin/../lib/gcc/arm-none-eabi/9.3.1/../../../../arm-none-eabi/lib/thumb/v6-m/nofp/crt0.o (memset)
d:/stm32cubeide_1.7.0/stm32cubeide/plugins/com.st.stm32cube.ide.mcu.externaltools.gnu-tools-for-stm32.9-2020-q2-update.win32_2.0.0.202105311346/tools/bin/../lib/gcc/arm-none-eabi/9.3.1/thumb/v6-m/nofp\libgcc.a(_udivsi3.o)
                              ./Drivers/CMSIS/system_stm32g0xx.o (__aeabi_uidiv)
d:/stm32cubeide_1.7.0/stm32cubeide/plugins/com.st.stm32cube.ide.mcu.externaltools.gnu-tools-for-stm32.9-2020-q2-update.win32_2.0.0.202105311346/tools/bin/../lib/gcc/arm-none-eabi/9.3.1/thumb/v6-m/nofp\libgcc.a(_dvmd_tls.o)
                              d:/stm32cubeide_1.7.0/stm32cubeide/plugins/com.st.stm32cube.ide.mcu.externaltools.gnu-tools-for-stm32.9-2020-q2-update.win32_2.0.0.202105311346/tools/bin/../lib/gcc/arm-none-eabi/9.3.1/thumb/v6-m/nofp\libgcc.a(_udivsi3.o) (__aeabi_idiv0)

Allocating common symbols
Common symbol       size              file

uwTick              0x4               ./Drivers/STM32G0xx_HAL_Driver/stm32g0xx_hal.o
hspi1               0x64              ./Application/User/Core/spi.o

Discarded input sections

 .text          0x0000000000000000        0x0 d:/stm32cubeide_1.7.0/stm32cubeide/plugins/com.st.stm32cube.ide.mcu.externaltools.gnu-tools-for-stm32.9-2020-q2-update.win32_2.0.0.202105311346/tools/bin/../lib/gcc/arm-none-eabi/9.3.1/thumb/v6-m/nofp/crti.o
 .data          0x0000000000000000        0x0 d:/stm32cubeide_1.7.0/stm32cubeide/plugins/com.st.stm32cube.ide.mcu.externaltools.gnu-tools-for-stm32.9-2020-q2-update.win32_2.0.0.202105311346/tools/bin/../lib/gcc/arm-none-eabi/9.3.1/thumb/v6-m/nofp/crti.o
 .bss           0x0000000000000000        0x0 d:/stm32cubeide_1.7.0/stm32cubeide/plugins/com.st.stm32cube.ide.mcu.externaltools.gnu-tools-for-stm32.9-2020-q2-update.win32_2.0.0.202105311346/tools/bin/../lib/gcc/arm-none-eabi/9.3.1/thumb/v6-m/nofp/crti.o
 .data          0x0000000000000000        0x4 d:/stm32cubeide_1.7.0/stm32cubeide/plugins/com.st.stm32cube.ide.mcu.externaltools.gnu-tools-for-stm32.9-2020-q2-update.win32_2.0.0.202105311346/tools/bin/../lib/gcc/arm-none-eabi/9.3.1/thumb/v6-m/nofp/crtbegin.o
 .text          0x0000000000000000       0x80 d:/stm32cubeide_1.7.0/stm32cubeide/plugins/com.st.stm32cube.ide.mcu.externaltools.gnu-tools-for-stm32.9-2020-q2-update.win32_2.0.0.202105311346/tools/bin/../lib/gcc/arm-none-eabi/9.3.1/../../../../arm-none-eabi/lib/thumb/v6-m/nofp/crt0.o
[...]
Memory Configuration

Name             Origin             Length             Attributes
RAM              0x0000000020000000 0x0000000000002000 xrw
FLASH            0x0000000008000000 0x0000000000010000 xr
*default*        0x0000000000000000 0xffffffffffffffff

Linker script and memory map

LOAD d:/stm32cubeide_1.7.0/stm32cubeide/plugins/com.st.stm32cube.ide.mcu.externaltools.gnu-tools-for-stm32.9-2020-q2-update.win32_2.0.0.202105311346/tools/bin/../lib/gcc/arm-none-eabi/9.3.1/thumb/v6-m/nofp/crti.o
LOAD d:/stm32cubeide_1.7.0/stm32cubeide/plugins/com.st.stm32cube.ide.mcu.externaltools.gnu-tools-for-stm32.9-2020-q2-update.win32_2.0.0.202105311346/tools/bin/../lib/gcc/arm-none-eabi/9.3.1/thumb/v6-m/nofp/crtbegin.o
LOAD d:/stm32cubeide_1.7.0/stm32cubeide/plugins/com.st.stm32cube.ide.mcu.externaltools.gnu-tools-for-stm32.9-2020-q2-update.win32_2.0.0.202105311346/tools/bin/../lib/gcc/arm-none-eabi/9.3.1/../../../../arm-none-eabi/lib/thumb/v6-m/nofp/crt0.o
LOAD ./Application/User/Core/gpio.o
LOAD ./Application/User/Core/main.o
LOAD ./Application/User/Core/spi.o
LOAD ./Application/User/Core/stm32g0xx_hal_msp.o
LOAD ./Application/User/Core/stm32g0xx_it.o
LOAD ./Application/User/Core/syscalls.o
LOAD ./Application/User/Core/sysmem.o
LOAD ./Application/User/Startup/startup_stm32g030c8tx.o
LOAD ./Drivers/CMSIS/system_stm32g0xx.o
LOAD ./Drivers/STM32G0xx_HAL_Driver/stm32g0xx_hal.o
LOAD ./Drivers/STM32G0xx_HAL_Driver/stm32g0xx_hal_cortex.o
LOAD ./Drivers/STM32G0xx_HAL_Driver/stm32g0xx_hal_dma.o
LOAD ./Drivers/STM32G0xx_HAL_Driver/stm32g0xx_hal_dma_ex.o
LOAD ./Drivers/STM32G0xx_HAL_Driver/stm32g0xx_hal_exti.o
LOAD ./Drivers/STM32G0xx_HAL_Driver/stm32g0xx_hal_flash.o
LOAD ./Drivers/STM32G0xx_HAL_Driver/stm32g0xx_hal_flash_ex.o
LOAD ./Drivers/STM32G0xx_HAL_Driver/stm32g0xx_hal_gpio.o
LOAD ./Drivers/STM32G0xx_HAL_Driver/stm32g0xx_hal_pwr.o
LOAD ./Drivers/STM32G0xx_HAL_Driver/stm32g0xx_hal_pwr_ex.o
LOAD ./Drivers/STM32G0xx_HAL_Driver/stm32g0xx_hal_rcc.o
LOAD ./Drivers/STM32G0xx_HAL_Driver/stm32g0xx_hal_rcc_ex.o
LOAD ./Drivers/STM32G0xx_HAL_Driver/stm32g0xx_hal_spi.o
LOAD ./Drivers/STM32G0xx_HAL_Driver/stm32g0xx_hal_spi_ex.o
LOAD ./Drivers/STM32G0xx_HAL_Driver/stm32g0xx_hal_tim.o
LOAD ./Drivers/STM32G0xx_HAL_Driver/stm32g0xx_hal_tim_ex.o
LOAD ./Drivers/STM32G0xx_HAL_Driver/stm32g0xx_ll_dma.o
LOAD ./Drivers/STM32G0xx_HAL_Driver/stm32g0xx_ll_rcc.o
LOAD ./USER/SRC/oled.o
START GROUP
LOAD d:/stm32cubeide_1.7.0/stm32cubeide/plugins/com.st.stm32cube.ide.mcu.externaltools.gnu-tools-for-stm32.9-2020-q2-update.win32_2.0.0.202105311346/tools/bin/../lib/gcc/arm-none-eabi/9.3.1/../../../../arm-none-eabi/lib/thumb/v6-m/nofp\libc_nano.a
LOAD d:/stm32cubeide_1.7.0/stm32cubeide/plugins/com.st.stm32cube.ide.mcu.externaltools.gnu-tools-for-stm32.9-2020-q2-update.win32_2.0.0.202105311346/tools/bin/../lib/gcc/arm-none-eabi/9.3.1/../../../../arm-none-eabi/lib/thumb/v6-m/nofp\libm.a
END GROUP
START GROUP
LOAD d:/stm32cubeide_1.7.0/stm32cubeide/plugins/com.st.stm32cube.ide.mcu.externaltools.gnu-tools-for-stm32.9-2020-q2-update.win32_2.0.0.202105311346/tools/bin/../lib/gcc/arm-none-eabi/9.3.1/thumb/v6-m/nofp\libgcc.a
LOAD d:/stm32cubeide_1.7.0/stm32cubeide/plugins/com.st.stm32cube.ide.mcu.externaltools.gnu-tools-for-stm32.9-2020-q2-update.win32_2.0.0.202105311346/tools/bin/../lib/gcc/arm-none-eabi/9.3.1/../../../../arm-none-eabi/lib/thumb/v6-m/nofp\libc_nano.a
END GROUP
START GROUP
LOAD d:/stm32cubeide_1.7.0/stm32cubeide/plugins/com.st.stm32cube.ide.mcu.externaltools.gnu-tools-for-stm32.9-2020-q2-update.win32_2.0.0.202105311346/tools/bin/../lib/gcc/arm-none-eabi/9.3.1/thumb/v6-m/nofp\libgcc.a
LOAD d:/stm32cubeide_1.7.0/stm32cubeide/plugins/com.st.stm32cube.ide.mcu.externaltools.gnu-tools-for-stm32.9-2020-q2-update.win32_2.0.0.202105311346/tools/bin/../lib/gcc/arm-none-eabi/9.3.1/../../../../arm-none-eabi/lib/thumb/v6-m/nofp\libc_nano.a
LOAD d:/stm32cubeide_1.7.0/stm32cubeide/plugins/com.st.stm32cube.ide.mcu.externaltools.gnu-tools-for-stm32.9-2020-q2-update.win32_2.0.0.202105311346/tools/bin/../lib/gcc/arm-none-eabi/9.3.1/../../../../arm-none-eabi/lib/thumb/v6-m/nofp\libnosys.a
END GROUP
START GROUP
LOAD d:/stm32cubeide_1.7.0/stm32cubeide/plugins/com.st.stm32cube.ide.mcu.externaltools.gnu-tools-for-stm32.9-2020-q2-update.win32_2.0.0.202105311346/tools/bin/../lib/gcc/arm-none-eabi/9.3.1/thumb/v6-m/nofp\libgcc.a
LOAD d:/stm32cubeide_1.7.0/stm32cubeide/plugins/com.st.stm32cube.ide.mcu.externaltools.gnu-tools-for-stm32.9-2020-q2-update.win32_2.0.0.202105311346/tools/bin/../lib/gcc/arm-none-eabi/9.3.1/../../../../arm-none-eabi/lib/thumb/v6-m/nofp\libc_nano.a
LOAD d:/stm32cubeide_1.7.0/stm32cubeide/plugins/com.st.stm32cube.ide.mcu.externaltools.gnu-tools-for-stm32.9-2020-q2-update.win32_2.0.0.202105311346/tools/bin/../lib/gcc/arm-none-eabi/9.3.1/../../../../arm-none-eabi/lib/thumb/v6-m/nofp\libnosys.a
END GROUP
LOAD d:/stm32cubeide_1.7.0/stm32cubeide/plugins/com.st.stm32cube.ide.mcu.externaltools.gnu-tools-for-stm32.9-2020-q2-update.win32_2.0.0.202105311346/tools/bin/../lib/gcc/arm-none-eabi/9.3.1/thumb/v6-m/nofp/crtend.o
LOAD d:/stm32cubeide_1.7.0/stm32cubeide/plugins/com.st.stm32cube.ide.mcu.externaltools.gnu-tools-for-stm32.9-2020-q2-update.win32_2.0.0.202105311346/tools/bin/../lib/gcc/arm-none-eabi/9.3.1/thumb/v6-m/nofp/crtn.o
                0x0000000020002000                _estack = (ORIGIN (RAM) + LENGTH (RAM))
                0x0000000000000200                _Min_Heap_Size = 0x200
                0x0000000000000400                _Min_Stack_Size = 0x400

.isr_vector     0x0000000008000000       0xb8
                0x0000000008000000                . = ALIGN (0x4)
 *(.isr_vector)
 .isr_vector    0x0000000008000000       0xb8 ./Application/User/Startup/startup_stm32g030c8tx.o
                0x0000000008000000                g_pfnVectors
                0x00000000080000b8                . = ALIGN (0x4)

.text           0x00000000080000b8     0x1d68
                0x00000000080000b8                . = ALIGN (0x4)
 *(.text)
 .text          0x00000000080000b8       0x48 d:/stm32cubeide_1.7.0/stm32cubeide/plugins/com.st.stm32cube.ide.mcu.externaltools.gnu-tools-for-stm32.9-2020-q2-update.win32_2.0.0.202105311346/tools/bin/../lib/gcc/arm-none-eabi/9.3.1/thumb/v6-m/nofp/crtbegin.o
 .text          0x0000000008000100      0x114 d:/stm32cubeide_1.7.0/stm32cubeide/plugins/com.st.stm32cube.ide.mcu.externaltools.gnu-tools-for-stm32.9-2020-q2-update.win32_2.0.0.202105311346/tools/bin/../lib/gcc/arm-none-eabi/9.3.1/thumb/v6-m/nofp\libgcc.a(_udivsi3.o)
                0x0000000008000100                __aeabi_uidiv
                0x0000000008000100                __udivsi3
                0x000000000800020c                __aeabi_uidivmod
 .text          0x0000000008000214        0x4 d:/stm32cubeide_1.7.0/stm32cubeide/plugins/com.st.stm32cube.ide.mcu.externaltools.gnu-tools-for-stm32.9-2020-q2-update.win32_2.0.0.202105311346/tools/bin/../lib/gcc/arm-none-eabi/9.3.1/thumb/v6-m/nofp\libgcc.a(_dvmd_tls.o)
                0x0000000008000214                __aeabi_idiv0
                0x0000000008000214                __aeabi_ldiv0
 *(.text*)
 .text.MX_GPIO_Init
                0x0000000008000218       0x6c ./Application/User/Core/gpio.o
                0x0000000008000218                MX_GPIO_Init
 .text.main     0x0000000008000284       0x1e ./Application/User/Core/main.o
                0x0000000008000284                main
 .text.SystemClock_Config
                0x00000000080002a2       0x90 ./Application/User/Core/main.o
                0x00000000080002a2                SystemClock_Config
 .text.Error_Handler
                0x0000000008000332        0xa ./Application/User/Core/main.o
                0x0000000008000332                Error_Handler
 .text.MX_SPI1_Init
                0x000000000800033c       0x7c ./Application/User/Core/spi.o
                0x000000000800033c                MX_SPI1_Init
 .text.HAL_SPI_MspInit
                0x00000000080003b8       0x94 ./Application/User/Core/spi.o
                0x00000000080003b8                HAL_SPI_MspInit
 .text.HAL_MspInit
                0x000000000800044c       0x48 ./Application/User/Core/stm32g0xx_hal_msp.o
                0x000000000800044c                HAL_MspInit
 .text.NMI_Handler
                0x0000000008000494        0x6 ./Application/User/Core/stm32g0xx_it.o
                0x0000000008000494                NMI_Handler
 .text.HardFault_Handler
                0x000000000800049a        0x6 ./Application/User/Core/stm32g0xx_it.o
                0x000000000800049a                HardFault_Handler
 .text.SVC_Handler
                0x00000000080004a0        0xa ./Application/User/Core/stm32g0xx_it.o
                0x00000000080004a0                SVC_Handler
 .text.PendSV_Handler
                0x00000000080004aa        0xa ./Application/User/Core/stm32g0xx_it.o
                0x00000000080004aa                PendSV_Handler
 .text.SysTick_Handler
                0x00000000080004b4        0xe ./Application/User/Core/stm32g0xx_it.o
                0x00000000080004b4                SysTick_Handler
 *fill*         0x00000000080004c2        0x2 
 .text.Reset_Handler
                0x00000000080004c4       0x50 ./Application/User/Startup/startup_stm32g030c8tx.o
                0x00000000080004c4                Reset_Handler
 .text.Default_Handler
                0x0000000008000514        0x2 ./Application/User/Startup/startup_stm32g030c8tx.o
                0x0000000008000514                TIM1_CC_IRQHandler
                0x0000000008000514                I2C1_IRQHandler
                0x0000000008000514                RTC_TAMP_IRQHandler
                0x0000000008000514                SPI1_IRQHandler
                0x0000000008000514                DMA1_Ch4_5_DMAMUX1_OVR_IRQHandler
                0x0000000008000514                EXTI2_3_IRQHandler
                0x0000000008000514                ADC1_IRQHandler
                0x0000000008000514                I2C2_IRQHandler
                0x0000000008000514                TIM17_IRQHandler
                0x0000000008000514                TIM16_IRQHandler
                0x0000000008000514                TIM3_IRQHandler
                0x0000000008000514                EXTI4_15_IRQHandler
                0x0000000008000514                RCC_IRQHandler
                0x0000000008000514                DMA1_Channel1_IRQHandler
                0x0000000008000514                Default_Handler
                0x0000000008000514                TIM14_IRQHandler
                0x0000000008000514                EXTI0_1_IRQHandler
                0x0000000008000514                SPI2_IRQHandler
                0x0000000008000514                WWDG_IRQHandler
                0x0000000008000514                DMA1_Channel2_3_IRQHandler
                0x0000000008000514                USART2_IRQHandler
                0x0000000008000514                FLASH_IRQHandler
                0x0000000008000514                USART1_IRQHandler
                0x0000000008000514                TIM1_BRK_UP_TRG_COM_IRQHandler
 .text.SystemInit
                0x0000000008000516        0xa ./Drivers/CMSIS/system_stm32g0xx.o
                0x0000000008000516                SystemInit
 .text.HAL_Init
                0x0000000008000520       0x40 ./Drivers/STM32G0xx_HAL_Driver/stm32g0xx_hal.o
                0x0000000008000520                HAL_Init
 .text.HAL_InitTick
                0x0000000008000560       0x94 ./Drivers/STM32G0xx_HAL_Driver/stm32g0xx_hal.o
                0x0000000008000560                HAL_InitTick
 .text.HAL_IncTick
                0x00000000080005f4       0x24 ./Drivers/STM32G0xx_HAL_Driver/stm32g0xx_hal.o
                0x00000000080005f4                HAL_IncTick
 .text.HAL_GetTick
                0x0000000008000618       0x14 ./Drivers/STM32G0xx_HAL_Driver/stm32g0xx_hal.o
                0x0000000008000618                HAL_GetTick
 .text.HAL_Delay
                0x000000000800062c       0x48 ./Drivers/STM32G0xx_HAL_Driver/stm32g0xx_hal.o
                0x000000000800062c                HAL_Delay
 .text.__NVIC_SetPriority
                0x0000000008000674       0xdc ./Drivers/STM32G0xx_HAL_Driver/stm32g0xx_hal_cortex.o
 .text.SysTick_Config
                0x0000000008000750       0x48 ./Drivers/STM32G0xx_HAL_Driver/stm32g0xx_hal_cortex.o
 .text.HAL_NVIC_SetPriority
                0x0000000008000798       0x2a ./Drivers/STM32G0xx_HAL_Driver/stm32g0xx_hal_cortex.o
                0x0000000008000798                HAL_NVIC_SetPriority
 .text.HAL_SYSTICK_Config
                0x00000000080007c2       0x1a ./Drivers/STM32G0xx_HAL_Driver/stm32g0xx_hal_cortex.o
                0x00000000080007c2                HAL_SYSTICK_Config
 .text.HAL_GPIO_Init
                0x00000000080007dc      0x2c8 ./Drivers/STM32G0xx_HAL_Driver/stm32g0xx_hal_gpio.o
                0x00000000080007dc                HAL_GPIO_Init
 .text.HAL_GPIO_WritePin
                0x0000000008000aa4       0x3a ./Drivers/STM32G0xx_HAL_Driver/stm32g0xx_hal_gpio.o
                0x0000000008000aa4                HAL_GPIO_WritePin
 *fill*         0x0000000008000ade        0x2 
 .text.HAL_PWREx_ControlVoltageScaling
                0x0000000008000ae0       0x80 ./Drivers/STM32G0xx_HAL_Driver/stm32g0xx_hal_pwr_ex.o
                0x0000000008000ae0                HAL_PWREx_ControlVoltageScaling
 .text.HAL_RCC_OscConfig
                0x0000000008000b60      0x62c ./Drivers/STM32G0xx_HAL_Driver/stm32g0xx_hal_rcc.o
                0x0000000008000b60                HAL_RCC_OscConfig
 .text.HAL_RCC_ClockConfig
                0x000000000800118c      0x210 ./Drivers/STM32G0xx_HAL_Driver/stm32g0xx_hal_rcc.o
                0x000000000800118c                HAL_RCC_ClockConfig
 .text.HAL_RCC_GetSysClockFreq
                0x000000000800139c      0x104 ./Drivers/STM32G0xx_HAL_Driver/stm32g0xx_hal_rcc.o
                0x000000000800139c                HAL_RCC_GetSysClockFreq
 .text.HAL_SPI_Init
                0x00000000080014a0      0x170 ./Drivers/STM32G0xx_HAL_Driver/stm32g0xx_hal_spi.o
                0x00000000080014a0                HAL_SPI_Init
 .text.HAL_SPI_Transmit
                0x0000000008001610      0x2b0 ./Drivers/STM32G0xx_HAL_Driver/stm32g0xx_hal_spi.o
                0x0000000008001610                HAL_SPI_Transmit
 .text.SPI_WaitFlagStateUntilTimeout
                0x00000000080018c0      0x11c ./Drivers/STM32G0xx_HAL_Driver/stm32g0xx_hal_spi.o
 .text.SPI_WaitFifoStateUntilTimeout
                0x00000000080019dc      0x144 ./Drivers/STM32G0xx_HAL_Driver/stm32g0xx_hal_spi.o
 .text.SPI_EndRxTxTransaction
                0x0000000008001b20       0x8c ./Drivers/STM32G0xx_HAL_Driver/stm32g0xx_hal_spi.o
 .text.OLED_WR_Byte
                0x0000000008001bac       0x7c ./USER/SRC/oled.o
                0x0000000008001bac                OLED_WR_Byte
 .text.OLED_Clear
                0x0000000008001c28       0x6e ./USER/SRC/oled.o
                0x0000000008001c28                OLED_Clear
 .text.OLED_Init
                0x0000000008001c96      0x118 ./USER/SRC/oled.o
                0x0000000008001c96                OLED_Init
 *fill*         0x0000000008001dae        0x2 
 .text.__libc_init_array
                0x0000000008001db0       0x48 d:/stm32cubeide_1.7.0/stm32cubeide/plugins/com.st.stm32cube.ide.mcu.externaltools.gnu-tools-for-stm32.9-2020-q2-update.win32_2.0.0.202105311346/tools/bin/../lib/gcc/arm-none-eabi/9.3.1/../../../../arm-none-eabi/lib/thumb/v6-m/nofp\libc_nano.a(lib_a-init.o)
                0x0000000008001db0                __libc_init_array
 .text.memset   0x0000000008001df8       0x10 d:/stm32cubeide_1.7.0/stm32cubeide/plugins/com.st.stm32cube.ide.mcu.externaltools.gnu-tools-for-stm32.9-2020-q2-update.win32_2.0.0.202105311346/tools/bin/../lib/gcc/arm-none-eabi/9.3.1/../../../../arm-none-eabi/lib/thumb/v6-m/nofp\libc_nano.a(lib_a-memset.o)
                0x0000000008001df8                memset
 *(.glue_7)
 .glue_7        0x0000000008001e08        0x0 linker stubs
 *(.glue_7t)
 .glue_7t       0x0000000008001e08        0x0 linker stubs
 *(.eh_frame)
 .eh_frame      0x0000000008001e08        0x0 d:/stm32cubeide_1.7.0/stm32cubeide/plugins/com.st.stm32cube.ide.mcu.externaltools.gnu-tools-for-stm32.9-2020-q2-update.win32_2.0.0.202105311346/tools/bin/../lib/gcc/arm-none-eabi/9.3.1/thumb/v6-m/nofp/crtbegin.o
 *(.init)
 .init          0x0000000008001e08        0x4 d:/stm32cubeide_1.7.0/stm32cubeide/plugins/com.st.stm32cube.ide.mcu.externaltools.gnu-tools-for-stm32.9-2020-q2-update.win32_2.0.0.202105311346/tools/bin/../lib/gcc/arm-none-eabi/9.3.1/thumb/v6-m/nofp/crti.o
                0x0000000008001e08                _init
 .init          0x0000000008001e0c        0x8 d:/stm32cubeide_1.7.0/stm32cubeide/plugins/com.st.stm32cube.ide.mcu.externaltools.gnu-tools-for-stm32.9-2020-q2-update.win32_2.0.0.202105311346/tools/bin/../lib/gcc/arm-none-eabi/9.3.1/thumb/v6-m/nofp/crtn.o
 *(.fini)
 .fini          0x0000000008001e14        0x4 d:/stm32cubeide_1.7.0/stm32cubeide/plugins/com.st.stm32cube.ide.mcu.externaltools.gnu-tools-for-stm32.9-2020-q2-update.win32_2.0.0.202105311346/tools/bin/../lib/gcc/arm-none-eabi/9.3.1/thumb/v6-m/nofp/crti.o
                0x0000000008001e14                _fini
 .fini          0x0000000008001e18        0x8 d:/stm32cubeide_1.7.0/stm32cubeide/plugins/com.st.stm32cube.ide.mcu.externaltools.gnu-tools-for-stm32.9-2020-q2-update.win32_2.0.0.202105311346/tools/bin/../lib/gcc/arm-none-eabi/9.3.1/thumb/v6-m/nofp/crtn.o
                0x0000000008001e20                . = ALIGN (0x4)
                0x0000000008001e20                _etext = .

.vfp11_veneer   0x0000000008001e20        0x0
 .vfp11_veneer  0x0000000008001e20        0x0 linker stubs

.v4_bx          0x0000000008001e20        0x0
 .v4_bx         0x0000000008001e20        0x0 linker stubs

.iplt           0x0000000008001e20        0x0
 .iplt          0x0000000008001e20        0x0 d:/stm32cubeide_1.7.0/stm32cubeide/plugins/com.st.stm32cube.ide.mcu.externaltools.gnu-tools-for-stm32.9-2020-q2-update.win32_2.0.0.202105311346/tools/bin/../lib/gcc/arm-none-eabi/9.3.1/thumb/v6-m/nofp/crtbegin.o

.rodata         0x0000000008001e20       0x40
                0x0000000008001e20                . = ALIGN (0x4)
 *(.rodata)
 *(.rodata*)
 .rodata.AHBPrescTable
                0x0000000008001e20       0x40 ./Drivers/CMSIS/system_stm32g0xx.o
                0x0000000008001e20                AHBPrescTable
                0x0000000008001e60                . = ALIGN (0x4)

.rel.dyn        0x0000000008001e60        0x0
 .rel.iplt      0x0000000008001e60        0x0 d:/stm32cubeide_1.7.0/stm32cubeide/plugins/com.st.stm32cube.ide.mcu.externaltools.gnu-tools-for-stm32.9-2020-q2-update.win32_2.0.0.202105311346/tools/bin/../lib/gcc/arm-none-eabi/9.3.1/thumb/v6-m/nofp/crtbegin.o

.ARM.extab      0x0000000008001e60        0x0
                0x0000000008001e60                . = ALIGN (0x4)
 *(.ARM.extab* .gnu.linkonce.armextab.*)
                0x0000000008001e60                . = ALIGN (0x4)

.ARM            0x0000000008001e60        0x0
                0x0000000008001e60                . = ALIGN (0x4)
                0x0000000008001e60                __exidx_start = .
 *(.ARM.exidx*)
                0x0000000008001e60                __exidx_end = .
                0x0000000008001e60                . = ALIGN (0x4)

.preinit_array  0x0000000008001e60        0x0
                0x0000000008001e60                . = ALIGN (0x4)
                0x0000000008001e60                PROVIDE (__preinit_array_start = .)
 *(.preinit_array*)
                0x0000000008001e60                PROVIDE (__preinit_array_end = .)
                0x0000000008001e60                . = ALIGN (0x4)

.init_array     0x0000000008001e60        0x4
                0x0000000008001e60                . = ALIGN (0x4)
                0x0000000008001e60                PROVIDE (__init_array_start = .)
 *(SORT_BY_NAME(.init_array.*))
 *(.init_array*)
 .init_array    0x0000000008001e60        0x4 d:/stm32cubeide_1.7.0/stm32cubeide/plugins/com.st.stm32cube.ide.mcu.externaltools.gnu-tools-for-stm32.9-2020-q2-update.win32_2.0.0.202105311346/tools/bin/../lib/gcc/arm-none-eabi/9.3.1/thumb/v6-m/nofp/crtbegin.o
                0x0000000008001e64                PROVIDE (__init_array_end = .)
                0x0000000008001e64                . = ALIGN (0x4)

.fini_array     0x0000000008001e64        0x4
                0x0000000008001e64                . = ALIGN (0x4)
                [!provide]                        PROVIDE (__fini_array_start = .)
 *(SORT_BY_NAME(.fini_array.*))
 *(.fini_array*)
 .fini_array    0x0000000008001e64        0x4 d:/stm32cubeide_1.7.0/stm32cubeide/plugins/com.st.stm32cube.ide.mcu.externaltools.gnu-tools-for-stm32.9-2020-q2-update.win32_2.0.0.202105311346/tools/bin/../lib/gcc/arm-none-eabi/9.3.1/thumb/v6-m/nofp/crtbegin.o
                [!provide]                        PROVIDE (__fini_array_end = .)
                0x0000000008001e68                . = ALIGN (0x4)
                0x0000000008001e68                _sidata = LOADADDR (.data)

.data           0x0000000020000000        0xc load address 0x0000000008001e68
                0x0000000020000000                . = ALIGN (0x4)
                0x0000000020000000                _sdata = .
 *(.data)
 *(.data*)
 .data.SystemCoreClock
                0x0000000020000000        0x4 ./Drivers/CMSIS/system_stm32g0xx.o
                0x0000000020000000                SystemCoreClock
 .data.uwTickPrio
                0x0000000020000004        0x4 ./Drivers/STM32G0xx_HAL_Driver/stm32g0xx_hal.o
                0x0000000020000004                uwTickPrio
 .data.uwTickFreq
                0x0000000020000008        0x1 ./Drivers/STM32G0xx_HAL_Driver/stm32g0xx_hal.o
                0x0000000020000008                uwTickFreq
 *(.RamFunc)
 *(.RamFunc*)
                0x000000002000000c                . = ALIGN (0x4)
 *fill*         0x0000000020000009        0x3 
                0x000000002000000c                _edata = .

.igot.plt       0x000000002000000c        0x0 load address 0x0000000008001e74
 .igot.plt      0x000000002000000c        0x0 d:/stm32cubeide_1.7.0/stm32cubeide/plugins/com.st.stm32cube.ide.mcu.externaltools.gnu-tools-for-stm32.9-2020-q2-update.win32_2.0.0.202105311346/tools/bin/../lib/gcc/arm-none-eabi/9.3.1/thumb/v6-m/nofp/crtbegin.o
                0x000000002000000c                . = ALIGN (0x4)

.bss            0x000000002000000c       0x84 load address 0x0000000008001e74
                0x000000002000000c                _sbss = .
                0x000000002000000c                __bss_start__ = _sbss
 *(.bss)
 .bss           0x000000002000000c       0x1c d:/stm32cubeide_1.7.0/stm32cubeide/plugins/com.st.stm32cube.ide.mcu.externaltools.gnu-tools-for-stm32.9-2020-q2-update.win32_2.0.0.202105311346/tools/bin/../lib/gcc/arm-none-eabi/9.3.1/thumb/v6-m/nofp/crtbegin.o
 *(.bss*)
 *(COMMON)
 COMMON         0x0000000020000028       0x64 ./Application/User/Core/spi.o
                0x0000000020000028                hspi1
 COMMON         0x000000002000008c        0x4 ./Drivers/STM32G0xx_HAL_Driver/stm32g0xx_hal.o
                0x000000002000008c                uwTick
                0x0000000020000090                . = ALIGN (0x4)
                0x0000000020000090                _ebss = .
                0x0000000020000090                __bss_end__ = _ebss

._user_heap_stack
                0x0000000020000090      0x600 load address 0x0000000008001e74
                0x0000000020000090                . = ALIGN (0x8)
                [!provide]                        PROVIDE (end = .)
                0x0000000020000090                PROVIDE (_end = .)
                0x0000000020000290                . = (. + _Min_Heap_Size)
 *fill*         0x0000000020000090      0x200 
                0x0000000020000690                . = (. + _Min_Stack_Size)
 *fill*         0x0000000020000290      0x400 
                0x0000000020000690                . = ALIGN (0x8)

/DISCARD/
 libc.a(*)
 libm.a(*)
 libgcc.a(*)

.ARM.attributes
                0x0000000000000000       0x28
 *(.ARM.attributes)
 .ARM.attributes
                0x0000000000000000       0x1e d:/stm32cubeide_1.7.0/stm32cubeide/plugins/com.st.stm32cube.ide.mcu.externaltools.gnu-tools-for-stm32.9-2020-q2-update.win32_2.0.0.202105311346/tools/bin/../lib/gcc/arm-none-eabi/9.3.1/thumb/v6-m/nofp/crti.o
 .ARM.attributes
                0x000000000000001e       0x2c d:/stm32cubeide_1.7.0/stm32cubeide/plugins/com.st.stm32cube.ide.mcu.externaltools.gnu-tools-for-stm32.9-2020-q2-update.win32_2.0.0.202105311346/tools/bin/../lib/gcc/arm-none-eabi/9.3.1/thumb/v6-m/nofp/crtbegin.o
 .ARM.attributes
                0x000000000000004a       0x2c ./Application/User/Core/gpio.o
 .ARM.attributes
                0x0000000000000076       0x2c ./Application/User/Core/main.o
 .ARM.attributes
                0x00000000000000a2       0x2c ./Application/User/Core/spi.o
 .ARM.attributes
                0x00000000000000ce       0x2c ./Application/User/Core/stm32g0xx_hal_msp.o
 .ARM.attributes
                0x00000000000000fa       0x2c ./Application/User/Core/stm32g0xx_it.o
 .ARM.attributes
                0x0000000000000126       0x22 ./Application/User/Startup/startup_stm32g030c8tx.o
 .ARM.attributes
                0x0000000000000148       0x2c ./Drivers/CMSIS/system_stm32g0xx.o
 .ARM.attributes
                0x0000000000000174       0x2c ./Drivers/STM32G0xx_HAL_Driver/stm32g0xx_hal.o
 .ARM.attributes
                0x00000000000001a0       0x2c ./Drivers/STM32G0xx_HAL_Driver/stm32g0xx_hal_cortex.o
 .ARM.attributes
                0x00000000000001cc       0x2c ./Drivers/STM32G0xx_HAL_Driver/stm32g0xx_hal_gpio.o
 .ARM.attributes
                0x00000000000001f8       0x2c ./Drivers/STM32G0xx_HAL_Driver/stm32g0xx_hal_pwr_ex.o
 .ARM.attributes
                0x0000000000000224       0x2c ./Drivers/STM32G0xx_HAL_Driver/stm32g0xx_hal_rcc.o
 .ARM.attributes
                0x0000000000000250       0x2c ./Drivers/STM32G0xx_HAL_Driver/stm32g0xx_hal_spi.o
 .ARM.attributes
                0x000000000000027c       0x2c ./USER/SRC/oled.o
 .ARM.attributes
                0x00000000000002a8       0x2c d:/stm32cubeide_1.7.0/stm32cubeide/plugins/com.st.stm32cube.ide.mcu.externaltools.gnu-tools-for-stm32.9-2020-q2-update.win32_2.0.0.202105311346/tools/bin/../lib/gcc/arm-none-eabi/9.3.1/../../../../arm-none-eabi/lib/thumb/v6-m/nofp\libc_nano.a(lib_a-init.o)
 .ARM.attributes
                0x00000000000002d4       0x2c d:/stm32cubeide_1.7.0/stm32cubeide/plugins/com.st.stm32cube.ide.mcu.externaltools.gnu-tools-for-stm32.9-2020-q2-update.win32_2.0.0.202105311346/tools/bin/../lib/gcc/arm-none-eabi/9.3.1/../../../../arm-none-eabi/lib/thumb/v6-m/nofp\libc_nano.a(lib_a-memset.o)
 .ARM.attributes
                0x0000000000000300       0x1e d:/stm32cubeide_1.7.0/stm32cubeide/plugins/com.st.stm32cube.ide.mcu.externaltools.gnu-tools-for-stm32.9-2020-q2-update.win32_2.0.0.202105311346/tools/bin/../lib/gcc/arm-none-eabi/9.3.1/thumb/v6-m/nofp\libgcc.a(_udivsi3.o)
 .ARM.attributes
                0x000000000000031e       0x1e d:/stm32cubeide_1.7.0/stm32cubeide/plugins/com.st.stm32cube.ide.mcu.externaltools.gnu-tools-for-stm32.9-2020-q2-update.win32_2.0.0.202105311346/tools/bin/../lib/gcc/arm-none-eabi/9.3.1/thumb/v6-m/nofp\libgcc.a(_dvmd_tls.o)
 .ARM.attributes
                0x000000000000033c       0x1e d:/stm32cubeide_1.7.0/stm32cubeide/plugins/com.st.stm32cube.ide.mcu.externaltools.gnu-tools-for-stm32.9-2020-q2-update.win32_2.0.0.202105311346/tools/bin/../lib/gcc/arm-none-eabi/9.3.1/thumb/v6-m/nofp/crtn.o
OUTPUT(oledtest.elf elf32-littlearm)
LOAD linker stubs
LOAD d:/stm32cubeide_1.7.0/stm32cubeide/plugins/com.st.stm32cube.ide.mcu.externaltools.gnu-tools-for-stm32.9-2020-q2-update.win32_2.0.0.202105311346/tools/bin/../lib/gcc/arm-none-eabi/9.3.1/../../../../arm-none-eabi/lib/thumb/v6-m/nofp\libc.a
LOAD d:/stm32cubeide_1.7.0/stm32cubeide/plugins/com.st.stm32cube.ide.mcu.externaltools.gnu-tools-for-stm32.9-2020-q2-update.win32_2.0.0.202105311346/tools/bin/../lib/gcc/arm-none-eabi/9.3.1/../../../../arm-none-eabi/lib/thumb/v6-m/nofp\libm.a
LOAD d:/stm32cubeide_1.7.0/stm32cubeide/plugins/com.st.stm32cube.ide.mcu.externaltools.gnu-tools-for-stm32.9-2020-q2-update.win32_2.0.0.202105311346/tools/bin/../lib/gcc/arm-none-eabi/9.3.1/thumb/v6-m/nofp\libgcc.a

.debug_info     0x0000000000000000     0x77cf
 .debug_info    0x0000000000000000      0x51d ./Application/User/Core/gpio.o
 .debug_info    0x000000000000051d      0x9c5 ./Application/User/Core/main.o
 .debug_info    0x0000000000000ee2      0xb40 ./Application/User/Core/spi.o
 .debug_info    0x0000000000001a22      0x3e8 ./Application/User/Core/stm32g0xx_hal_msp.o
 .debug_info    0x0000000000001e0a      0x284 ./Application/User/Core/stm32g0xx_it.o
 .debug_info    0x000000000000208e       0x22 ./Application/User/Startup/startup_stm32g030c8tx.o
 .debug_info    0x00000000000020b0      0x44c ./Drivers/CMSIS/system_stm32g0xx.o
 .debug_info    0x00000000000024fc      0x9f9 ./Drivers/STM32G0xx_HAL_Driver/stm32g0xx_hal.o
 .debug_info    0x0000000000002ef5      0xa2f ./Drivers/STM32G0xx_HAL_Driver/stm32g0xx_hal_cortex.o
 .debug_info    0x0000000000003924      0x729 ./Drivers/STM32G0xx_HAL_Driver/stm32g0xx_hal_gpio.o
 .debug_info    0x000000000000404d      0x62e ./Drivers/STM32G0xx_HAL_Driver/stm32g0xx_hal_pwr_ex.o
 .debug_info    0x000000000000467b      0xbc0 ./Drivers/STM32G0xx_HAL_Driver/stm32g0xx_hal_rcc.o
 .debug_info    0x000000000000523b     0x1937 ./Drivers/STM32G0xx_HAL_Driver/stm32g0xx_hal_spi.o
 .debug_info    0x0000000000006b72      0xc5d ./USER/SRC/oled.o

.debug_abbrev   0x0000000000000000     0x187b
 .debug_abbrev  0x0000000000000000      0x143 ./Application/User/Core/gpio.o
 .debug_abbrev  0x0000000000000143      0x1c7 ./Application/User/Core/main.o
 .debug_abbrev  0x000000000000030a      0x1bb ./Application/User/Core/spi.o
 .debug_abbrev  0x00000000000004c5      0x13d ./Application/User/Core/stm32g0xx_hal_msp.o
 .debug_abbrev  0x0000000000000602      0x103 ./Application/User/Core/stm32g0xx_it.o
 .debug_abbrev  0x0000000000000705       0x12 ./Application/User/Startup/startup_stm32g030c8tx.o
 .debug_abbrev  0x0000000000000717      0x165 ./Drivers/CMSIS/system_stm32g0xx.o
 .debug_abbrev  0x000000000000087c      0x276 ./Drivers/STM32G0xx_HAL_Driver/stm32g0xx_hal.o
 .debug_abbrev  0x0000000000000af2      0x2c5 ./Drivers/STM32G0xx_HAL_Driver/stm32g0xx_hal_cortex.o
 .debug_abbrev  0x0000000000000db7      0x1df ./Drivers/STM32G0xx_HAL_Driver/stm32g0xx_hal_gpio.o
 .debug_abbrev  0x0000000000000f96      0x204 ./Drivers/STM32G0xx_HAL_Driver/stm32g0xx_hal_pwr_ex.o
 .debug_abbrev  0x000000000000119a      0x25b ./Drivers/STM32G0xx_HAL_Driver/stm32g0xx_hal_rcc.o
 .debug_abbrev  0x00000000000013f5      0x265 ./Drivers/STM32G0xx_HAL_Driver/stm32g0xx_hal_spi.o
 .debug_abbrev  0x000000000000165a      0x221 ./USER/SRC/oled.o

.debug_aranges  0x0000000000000000      0x6f0
 .debug_aranges
                0x0000000000000000       0x20 ./Application/User/Core/gpio.o
 .debug_aranges
                0x0000000000000020       0x30 ./Application/User/Core/main.o
 .debug_aranges
                0x0000000000000050       0x30 ./Application/User/Core/spi.o
 .debug_aranges
                0x0000000000000080       0x20 ./Application/User/Core/stm32g0xx_hal_msp.o
 .debug_aranges
                0x00000000000000a0       0x40 ./Application/User/Core/stm32g0xx_it.o
 .debug_aranges
                0x00000000000000e0       0x28 ./Application/User/Startup/startup_stm32g030c8tx.o
 .debug_aranges
                0x0000000000000108       0x28 ./Drivers/CMSIS/system_stm32g0xx.o
 .debug_aranges
                0x0000000000000130      0x100 ./Drivers/STM32G0xx_HAL_Driver/stm32g0xx_hal.o
 .debug_aranges
                0x0000000000000230       0xd8 ./Drivers/STM32G0xx_HAL_Driver/stm32g0xx_hal_cortex.o
 .debug_aranges
                0x0000000000000308       0x60 ./Drivers/STM32G0xx_HAL_Driver/stm32g0xx_hal_gpio.o
 .debug_aranges
                0x0000000000000368       0x98 ./Drivers/STM32G0xx_HAL_Driver/stm32g0xx_hal_pwr_ex.o
 .debug_aranges
                0x0000000000000400       0xa0 ./Drivers/STM32G0xx_HAL_Driver/stm32g0xx_hal_rcc.o
 .debug_aranges
                0x00000000000004a0      0x1d8 ./Drivers/STM32G0xx_HAL_Driver/stm32g0xx_hal_spi.o
 .debug_aranges
                0x0000000000000678       0x78 ./USER/SRC/oled.o

.debug_ranges   0x0000000000000000      0x618
 .debug_ranges  0x0000000000000000       0x10 ./Application/User/Core/gpio.o
 .debug_ranges  0x0000000000000010       0x20 ./Application/User/Core/main.o
 .debug_ranges  0x0000000000000030       0x20 ./Application/User/Core/spi.o
 .debug_ranges  0x0000000000000050       0x10 ./Application/User/Core/stm32g0xx_hal_msp.o
 .debug_ranges  0x0000000000000060       0x30 ./Application/User/Core/stm32g0xx_it.o
 .debug_ranges  0x0000000000000090       0x20 ./Application/User/Startup/startup_stm32g030c8tx.o
 .debug_ranges  0x00000000000000b0       0x18 ./Drivers/CMSIS/system_stm32g0xx.o
 .debug_ranges  0x00000000000000c8       0xf0 ./Drivers/STM32G0xx_HAL_Driver/stm32g0xx_hal.o
 .debug_ranges  0x00000000000001b8       0xc8 ./Drivers/STM32G0xx_HAL_Driver/stm32g0xx_hal_cortex.o
 .debug_ranges  0x0000000000000280       0x50 ./Drivers/STM32G0xx_HAL_Driver/stm32g0xx_hal_gpio.o
 .debug_ranges  0x00000000000002d0       0x88 ./Drivers/STM32G0xx_HAL_Driver/stm32g0xx_hal_pwr_ex.o
 .debug_ranges  0x0000000000000358       0x90 ./Drivers/STM32G0xx_HAL_Driver/stm32g0xx_hal_rcc.o
 .debug_ranges  0x00000000000003e8      0x1c8 ./Drivers/STM32G0xx_HAL_Driver/stm32g0xx_hal_spi.o
 .debug_ranges  0x00000000000005b0       0x68 ./USER/SRC/oled.o

.debug_macro    0x0000000000000000    0x13743
 .debug_macro   0x0000000000000000      0x1e5 ./Application/User/Core/gpio.o
 .debug_macro   0x00000000000001e5      0xa7e ./Application/User/Core/gpio.o
 .debug_macro   0x0000000000000c63      0x117 ./Application/User/Core/gpio.o
 .debug_macro   0x0000000000000d7a       0x2e ./Application/User/Core/gpio.o
 .debug_macro   0x0000000000000da8       0x28 ./Application/User/Core/gpio.o
 .debug_macro   0x0000000000000dd0       0x22 ./Application/User/Core/gpio.o
 .debug_macro   0x0000000000000df2       0x8e ./Application/User/Core/gpio.o
 .debug_macro   0x0000000000000e80       0x51 ./Application/User/Core/gpio.o
 .debug_macro   0x0000000000000ed1      0x103 ./Application/User/Core/gpio.o
 .debug_macro   0x0000000000000fd4       0x6a ./Application/User/Core/gpio.o
 .debug_macro   0x000000000000103e      0x1df ./Application/User/Core/gpio.o
 .debug_macro   0x000000000000121d       0x1c ./Application/User/Core/gpio.o
 .debug_macro   0x0000000000001239       0x22 ./Application/User/Core/gpio.o
 .debug_macro   0x000000000000125b       0xd7 ./Application/User/Core/gpio.o
 .debug_macro   0x0000000000001332      0x4da ./Application/User/Core/gpio.o
 .debug_macro   0x000000000000180c      0x11f ./Application/User/Core/gpio.o
 .debug_macro   0x000000000000192b     0x9e87 ./Application/User/Core/gpio.o
 .debug_macro   0x000000000000b7b2       0x66 ./Application/User/Core/gpio.o
 .debug_macro   0x000000000000b818     0x34e5 ./Application/User/Core/gpio.o
 .debug_macro   0x000000000000ecfd      0x174 ./Application/User/Core/gpio.o
 .debug_macro   0x000000000000ee71       0x5c ./Application/User/Core/gpio.o
 .debug_macro   0x000000000000eecd      0x485 ./Application/User/Core/gpio.o
 .debug_macro   0x000000000000f352      0xdce ./Application/User/Core/gpio.o
 .debug_macro   0x0000000000010120      0x106 ./Application/User/Core/gpio.o
 .debug_macro   0x0000000000010226      0x1d0 ./Application/User/Core/gpio.o
 .debug_macro   0x00000000000103f6       0xff ./Application/User/Core/gpio.o
 .debug_macro   0x00000000000104f5      0x33c ./Application/User/Core/gpio.o
 .debug_macro   0x0000000000010831      0x202 ./Application/User/Core/gpio.o
 .debug_macro   0x0000000000010a33      0x2c7 ./Application/User/Core/gpio.o
 .debug_macro   0x0000000000010cfa      0x198 ./Application/User/Core/gpio.o
 .debug_macro   0x0000000000010e92       0x43 ./Application/User/Core/gpio.o
 .debug_macro   0x0000000000010ed5      0x1f1 ./Application/User/Core/gpio.o
 .debug_macro   0x00000000000110c6      0x1d7 ./Application/User/Core/gpio.o
 .debug_macro   0x000000000001129d      0x2a3 ./Application/User/Core/gpio.o
 .debug_macro   0x0000000000011540       0x28 ./Application/User/Core/gpio.o
 .debug_macro   0x0000000000011568       0xcf ./Application/User/Core/gpio.o
 .debug_macro   0x0000000000011637       0xff ./Application/User/Core/gpio.o
 .debug_macro   0x0000000000011736      0x10d ./Application/User/Core/gpio.o
 .debug_macro   0x0000000000011843      0x2fe ./Application/User/Core/gpio.o
 .debug_macro   0x0000000000011b41      0x412 ./Application/User/Core/gpio.o
 .debug_macro   0x0000000000011f53       0x40 ./Application/User/Core/gpio.o
 .debug_macro   0x0000000000011f93      0x1fc ./Application/User/Core/main.o
 .debug_macro   0x000000000001218f       0x82 ./Application/User/Core/main.o
 .debug_macro   0x0000000000012211      0x1e5 ./Application/User/Core/spi.o
 .debug_macro   0x00000000000123f6      0x1db ./Application/User/Core/stm32g0xx_hal_msp.o
 .debug_macro   0x00000000000125d1      0x1e5 ./Application/User/Core/stm32g0xx_it.o
 .debug_macro   0x00000000000127b6      0x1cc ./Drivers/CMSIS/system_stm32g0xx.o
 .debug_macro   0x0000000000012982      0x1ea ./Drivers/STM32G0xx_HAL_Driver/stm32g0xx_hal.o
 .debug_macro   0x0000000000012b6c      0x1cc ./Drivers/STM32G0xx_HAL_Driver/stm32g0xx_hal_cortex.o
 .debug_macro   0x0000000000012d38      0x1d3 ./Drivers/STM32G0xx_HAL_Driver/stm32g0xx_hal_gpio.o
 .debug_macro   0x0000000000012f0b      0x1de ./Drivers/STM32G0xx_HAL_Driver/stm32g0xx_hal_pwr_ex.o
 .debug_macro   0x00000000000130e9      0x208 ./Drivers/STM32G0xx_HAL_Driver/stm32g0xx_hal_rcc.o
 .debug_macro   0x00000000000132f1      0x1d4 ./Drivers/STM32G0xx_HAL_Driver/stm32g0xx_hal_spi.o
 .debug_macro   0x00000000000134c5      0x202 ./USER/SRC/oled.o
 .debug_macro   0x00000000000136c7       0x7c ./USER/SRC/oled.o

.debug_line     0x0000000000000000     0x8e34
 .debug_line    0x0000000000000000      0x70d ./Application/User/Core/gpio.o
 .debug_line    0x000000000000070d      0x7cb ./Application/User/Core/main.o
 .debug_line    0x0000000000000ed8      0x779 ./Application/User/Core/spi.o
 .debug_line    0x0000000000001651      0x700 ./Application/User/Core/stm32g0xx_hal_msp.o
 .debug_line    0x0000000000001d51      0x765 ./Application/User/Core/stm32g0xx_it.o
 .debug_line    0x00000000000024b6       0x95 ./Application/User/Startup/startup_stm32g030c8tx.o
 .debug_line    0x000000000000254b      0x773 ./Drivers/CMSIS/system_stm32g0xx.o
 .debug_line    0x0000000000002cbe      0xa2e ./Drivers/STM32G0xx_HAL_Driver/stm32g0xx_hal.o
 .debug_line    0x00000000000036ec      0xb2a ./Drivers/STM32G0xx_HAL_Driver/stm32g0xx_hal_cortex.o
 .debug_line    0x0000000000004216      0xb14 ./Drivers/STM32G0xx_HAL_Driver/stm32g0xx_hal_gpio.o
 .debug_line    0x0000000000004d2a      0x93a ./Drivers/STM32G0xx_HAL_Driver/stm32g0xx_hal_pwr_ex.o
 .debug_line    0x0000000000005664      0xebf ./Drivers/STM32G0xx_HAL_Driver/stm32g0xx_hal_rcc.o
 .debug_line    0x0000000000006523     0x1e90 ./Drivers/STM32G0xx_HAL_Driver/stm32g0xx_hal_spi.o
 .debug_line    0x00000000000083b3      0xa81 ./USER/SRC/oled.o

.debug_str      0x0000000000000000    0x77924
 .debug_str     0x0000000000000000    0x756cb ./Application/User/Core/gpio.o
                                      0x75bc0 (size before relaxing)
 .debug_str     0x00000000000756cb      0x962 ./Application/User/Core/main.o
                                      0x763d7 (size before relaxing)
 .debug_str     0x000000000007602d       0x72 ./Application/User/Core/spi.o
                                      0x7606f (size before relaxing)
 .debug_str     0x000000000007609f       0x53 ./Application/User/Core/stm32g0xx_hal_msp.o
                                      0x75b23 (size before relaxing)
 .debug_str     0x00000000000760f2       0x9d ./Application/User/Core/stm32g0xx_it.o
                                      0x75aa9 (size before relaxing)
 .debug_str     0x000000000007618f       0x42 ./Application/User/Startup/startup_stm32g030c8tx.o
                                         0x7f (size before relaxing)
 .debug_str     0x00000000000761d1       0x89 ./Drivers/CMSIS/system_stm32g0xx.o
                                      0x75a87 (size before relaxing)
 .debug_str     0x000000000007625a      0x5a6 ./Drivers/STM32G0xx_HAL_Driver/stm32g0xx_hal.o
                                      0x76078 (size before relaxing)
 .debug_str     0x0000000000076800      0x2df ./Drivers/STM32G0xx_HAL_Driver/stm32g0xx_hal_cortex.o
                                      0x75eca (size before relaxing)
 .debug_str     0x0000000000076adf      0x1a7 ./Drivers/STM32G0xx_HAL_Driver/stm32g0xx_hal_gpio.o
                                      0x75be8 (size before relaxing)
 .debug_str     0x0000000000076c86      0x268 ./Drivers/STM32G0xx_HAL_Driver/stm32g0xx_hal_pwr_ex.o
                                      0x75cf7 (size before relaxing)
 .debug_str     0x0000000000076eee      0x3a4 ./Drivers/STM32G0xx_HAL_Driver/stm32g0xx_hal_rcc.o
                                      0x76046 (size before relaxing)
 .debug_str     0x0000000000077292      0x5ab ./Drivers/STM32G0xx_HAL_Driver/stm32g0xx_hal_spi.o
                                      0x76416 (size before relaxing)
 .debug_str     0x000000000007783d       0xe7 ./USER/SRC/oled.o
                                      0x7636b (size before relaxing)

.comment        0x0000000000000000       0x53
 .comment       0x0000000000000000       0x53 ./Application/User/Core/gpio.o
                                         0x54 (size before relaxing)
 .comment       0x0000000000000053       0x54 ./Application/User/Core/main.o
 .comment       0x0000000000000053       0x54 ./Application/User/Core/spi.o
 .comment       0x0000000000000053       0x54 ./Application/User/Core/stm32g0xx_hal_msp.o
 .comment       0x0000000000000053       0x54 ./Application/User/Core/stm32g0xx_it.o
 .comment       0x0000000000000053       0x54 ./Drivers/CMSIS/system_stm32g0xx.o
 .comment       0x0000000000000053       0x54 ./Drivers/STM32G0xx_HAL_Driver/stm32g0xx_hal.o
 .comment       0x0000000000000053       0x54 ./Drivers/STM32G0xx_HAL_Driver/stm32g0xx_hal_cortex.o
 .comment       0x0000000000000053       0x54 ./Drivers/STM32G0xx_HAL_Driver/stm32g0xx_hal_gpio.o
 .comment       0x0000000000000053       0x54 ./Drivers/STM32G0xx_HAL_Driver/stm32g0xx_hal_pwr_ex.o
 .comment       0x0000000000000053       0x54 ./Drivers/STM32G0xx_HAL_Driver/stm32g0xx_hal_rcc.o
 .comment       0x0000000000000053       0x54 ./Drivers/STM32G0xx_HAL_Driver/stm32g0xx_hal_spi.o
 .comment       0x0000000000000053       0x54 ./USER/SRC/oled.o

.debug_frame    0x0000000000000000     0x16b4
 .debug_frame   0x0000000000000000       0x30 ./Application/User/Core/gpio.o
 .debug_frame   0x0000000000000030       0x68 ./Application/User/Core/main.o
 .debug_frame   0x0000000000000098       0x6c ./Application/User/Core/spi.o
 .debug_frame   0x0000000000000104       0x30 ./Application/User/Core/stm32g0xx_hal_msp.o
 .debug_frame   0x0000000000000134       0x9c ./Application/User/Core/stm32g0xx_it.o
 .debug_frame   0x00000000000001d0       0x4c ./Drivers/CMSIS/system_stm32g0xx.o
 .debug_frame   0x000000000000021c      0x360 ./Drivers/STM32G0xx_HAL_Driver/stm32g0xx_hal.o
 .debug_frame   0x000000000000057c      0x2fc ./Drivers/STM32G0xx_HAL_Driver/stm32g0xx_hal_cortex.o
 .debug_frame   0x0000000000000878      0x130 ./Drivers/STM32G0xx_HAL_Driver/stm32g0xx_hal_gpio.o
 .debug_frame   0x00000000000009a8      0x1f4 ./Drivers/STM32G0xx_HAL_Driver/stm32g0xx_hal_pwr_ex.o
 .debug_frame   0x0000000000000b9c      0x214 ./Drivers/STM32G0xx_HAL_Driver/stm32g0xx_hal_rcc.o
 .debug_frame   0x0000000000000db0      0x710 ./Drivers/STM32G0xx_HAL_Driver/stm32g0xx_hal_spi.o
 .debug_frame   0x00000000000014c0      0x188 ./USER/SRC/oled.o
 .debug_frame   0x0000000000001648       0x2c d:/stm32cubeide_1.7.0/stm32cubeide/plugins/com.st.stm32cube.ide.mcu.externaltools.gnu-tools-for-stm32.9-2020-q2-update.win32_2.0.0.202105311346/tools/bin/../lib/gcc/arm-none-eabi/9.3.1/../../../../arm-none-eabi/lib/thumb/v6-m/nofp\libc_nano.a(lib_a-init.o)
 .debug_frame   0x0000000000001674       0x20 d:/stm32cubeide_1.7.0/stm32cubeide/plugins/com.st.stm32cube.ide.mcu.externaltools.gnu-tools-for-stm32.9-2020-q2-update.win32_2.0.0.202105311346/tools/bin/../lib/gcc/arm-none-eabi/9.3.1/../../../../arm-none-eabi/lib/thumb/v6-m/nofp\libc_nano.a(lib_a-memset.o)
 .debug_frame   0x0000000000001694       0x20 d:/stm32cubeide_1.7.0/stm32cubeide/plugins/com.st.stm32cube.ide.mcu.externaltools.gnu-tools-for-stm32.9-2020-q2-update.win32_2.0.0.202105311346/tools/bin/../lib/gcc/arm-none-eabi/9.3.1/thumb/v6-m/nofp\libgcc.a(_udivsi3.o)
